.\gradlew : WARNING: A restricted method in java.lang.System has 
been called
No linha:1 caractere:1
+ .\gradlew build 2>&1 | Tee-Object -FilePath build_output.txt
+ ~~~~~~~~~~~~~~~~~~~~
    + CategoryInfo          : NotSpecified: (WARNING: A rest...h 
   as been called:String) [], RemoteException
    + FullyQualifiedErrorId : NativeCommandError
 
WARNING: java.lang.System::load has been called by 
net.rubygrapefruit.platform.internal.NativeLibraryLoader in an 
unnamed module (file:/C:/Users/Diogo/.gradle/wrapper/dists/gradle
-8.8-bin/dl7vupf4psengwqhwktix4v1/gradle-8.8/lib/native-platform-
0.22-milestone-26.jar)
WARNING: Use --enable-native-access=ALL-UNNAMED to avoid a 
warning for callers in this module
WARNING: Restricted methods will be blocked in a future release 
unless native access is enabled

To honour the JVM settings for this build a single-use Daemon process will be forked. For more on this, please refer to https://docs.gradle.org/8.8/userguide/gradle_daemon.html#sec:disabling_the_daemon in the Gradle documentation.
Daemon will be stopped at the end of the build 

> Configure project :
Neither the 'eclipse' nor the 'idea' plugins were found, but IDE resource copy has been enabled.

FAILURE: Build failed with an exception.

* What went wrong:
Could not determine the dependencies of task ':compileJava'.
> Could not resolve all dependencies for configuration 
':compileClasspath'.
   > Failed to calculate the value of task ':compileJava' 
property 'javaCompiler'.
      > Cannot find a Java installation on your machine matching 
this tasks requirements: {languageVersion=17, vendor=any, 
implementation=vendor-specific} for WINDOWS on x86_64.
         > No locally installed toolchains match and toolchain 
download repositories have not been configured.

* Try:
> Learn more about toolchain auto-detection at https://docs.gradl
e.org/8.8/userguide/toolchains.html#sec:auto_detection.
> Learn more about toolchain repositories at https://docs.gradle.
org/8.8/userguide/toolchains.html#sub:download_repositories.
> Run with --stacktrace option to get the stack trace.
> Run with --info or --debug option to get more log output.
> Run with --scan to get full insights.
> Get more help at https://help.gradle.org.

Deprecated Gradle features were used in this build, making it incompatible with Gradle 9.0.

You can use '--warning-mode all' to show the individual deprecation warnings and determine if they come from your own scripts or plugins.

For more on this, please refer to https://docs.gradle.org/8.8/userguide/command_line_interface.html#sec:command_line_warnings in the Gradle documentation.

BUILD FAILED in 15s
